Traceback (most recent call last):
  File "C:\Users\ethan\Documents\Projects\Trepan\test_packages.py", line 247, in <module>
    sys.exit(main())
             ~~~~^^
  File "C:\Users\ethan\Documents\Projects\Trepan\test_packages.py", line 211, in main
    print("\n" + "\U0001f6e1\ufe0f TREPAN PACKAGE SENTINEL TEST SUITE ".center(60, "\u2550"))
    ~~~~~^^^^^^^^^^^^^^^^^^^^^^^^^^^^^^^^^^^^^^^^^^^^^^^^^^^^^^^^^^^^^^^^^
  File "C:\Users\ethan\miniconda3\Lib\encodings\cp1252.py", line 19, in encode
    return codecs.charmap_encode(input,self.errors,encoding_table)[0]
           ~~~~~~~~~~~~~~~~~~~~~^^^^^^^^^^^^^^^^^^^^^^^^^^^^^^^^^^
UnicodeEncodeError: 'charmap' codec can't encode characters in position 2-14: character maps to <undefined>
